error: for loop over `option`, which is an `Option`. This is more readably written as an `if let` statement.
  --> $DIR/for_loop.rs:17:14
   |
17 |     for x in option {
   |              ^^^^^^
   |
   = note: `-D for-loop-over-option` implied by `-D warnings`
   = help: consider replacing `for x in option` with `if let Some(x) = option`

error: for loop over `result`, which is a `Result`. This is more readably written as an `if let` statement.
  --> $DIR/for_loop.rs:22:14
   |
22 |     for x in result {
   |              ^^^^^^
   |
   = note: `-D for-loop-over-result` implied by `-D warnings`
   = help: consider replacing `for x in result` with `if let Ok(x) = result`

error: for loop over `option.ok_or("x not found")`, which is a `Result`. This is more readably written as an `if let` statement.
  --> $DIR/for_loop.rs:26:14
   |
26 |     for x in option.ok_or("x not found") {
   |              ^^^^^^^^^^^^^^^^^^^^^^^^^^^
   |
   = help: consider replacing `for x in option.ok_or("x not found")` with `if let Ok(x) = option.ok_or("x not found")`

error: you are iterating over `Iterator::next()` which is an Option; this will compile but is probably not what you want
  --> $DIR/for_loop.rs:32:14
   |
32 |     for x in v.iter().next() {
   |              ^^^^^^^^^^^^^^^
   |
   = note: `-D iter-next-loop` implied by `-D warnings`

error: for loop over `v.iter().next().and(Some(0))`, which is an `Option`. This is more readably written as an `if let` statement.
  --> $DIR/for_loop.rs:37:14
   |
37 |     for x in v.iter().next().and(Some(0)) {
   |              ^^^^^^^^^^^^^^^^^^^^^^^^^^^^
   |
   = help: consider replacing `for x in v.iter().next().and(Some(0))` with `if let Some(x) = v.iter().next().and(Some(0))`

error: for loop over `v.iter().next().ok_or("x not found")`, which is a `Result`. This is more readably written as an `if let` statement.
  --> $DIR/for_loop.rs:41:14
   |
41 |     for x in v.iter().next().ok_or("x not found") {
   |              ^^^^^^^^^^^^^^^^^^^^^^^^^^^^^^^^^^^^
   |
   = help: consider replacing `for x in v.iter().next().ok_or("x not found")` with `if let Ok(x) = v.iter().next().ok_or("x not found")`

error: this loop never actually loops
  --> $DIR/for_loop.rs:53:5
   |
53 | /     while let Some(x) = option {
54 | |         println!("{}", x);
55 | |         break;
56 | |     }
   | |_____^
   |
   = note: `-D never-loop` implied by `-D warnings`

error: this loop never actually loops
  --> $DIR/for_loop.rs:59:5
   |
59 | /     while let Ok(x) = result {
60 | |         println!("{}", x);
61 | |         break;
62 | |     }
   | |_____^

error: the loop variable `i` is only used to index `vec`.
  --> $DIR/for_loop.rs:85:14
   |
85 |     for i in 0..vec.len() {
   |              ^^^^^^^^^^^^
   |
   = note: `-D needless-range-loop` implied by `-D warnings`
help: consider using an iterator
   |
85 |     for <item> in &vec {
   |         ^^^^^^    ^^^^

error: the loop variable `i` is only used to index `vec`.
  --> $DIR/for_loop.rs:94:14
   |
94 |     for i in 0..vec.len() {
   |              ^^^^^^^^^^^^
help: consider using an iterator
   |
94 |     for <item> in &vec {
   |         ^^^^^^    ^^^^

error: the loop variable `j` is only used to index `STATIC`.
  --> $DIR/for_loop.rs:99:14
   |
99 |     for j in 0..4 {
   |              ^^^^
help: consider using an iterator
   |
99 |     for <item> in STATIC.iter().take(4) {
   |         ^^^^^^    ^^^^^^^^^^^^^^^^^^^^^

error: the loop variable `j` is only used to index `CONST`.
   --> $DIR/for_loop.rs:103:14
    |
103 |     for j in 0..4 {
    |              ^^^^
help: consider using an iterator
    |
103 |     for <item> in CONST.iter().take(4) {
    |         ^^^^^^    ^^^^^^^^^^^^^^^^^^^^

error: the loop variable `i` is used to index `vec`
   --> $DIR/for_loop.rs:107:14
    |
107 |     for i in 0..vec.len() {
    |              ^^^^^^^^^^^^
help: consider using an iterator
    |
107 |     for (i, <item>) in vec.iter().enumerate() {
    |         ^^^^^^^^^^^    ^^^^^^^^^^^^^^^^^^^^^^

error: the loop variable `i` is only used to index `vec2`.
   --> $DIR/for_loop.rs:115:14
    |
115 |     for i in 0..vec.len() {
    |              ^^^^^^^^^^^^
help: consider using an iterator
    |
115 |     for <item> in vec2.iter().take(vec.len()) {
    |         ^^^^^^    ^^^^^^^^^^^^^^^^^^^^^^^^^^^

error: the loop variable `i` is only used to index `vec`.
   --> $DIR/for_loop.rs:119:14
    |
119 |     for i in 5..vec.len() {
    |              ^^^^^^^^^^^^
help: consider using an iterator
    |
119 |     for <item> in vec.iter().skip(5) {
    |         ^^^^^^    ^^^^^^^^^^^^^^^^^^

error: the loop variable `i` is only used to index `vec`.
   --> $DIR/for_loop.rs:123:14
    |
123 |     for i in 0..MAX_LEN {
    |              ^^^^^^^^^^
help: consider using an iterator
    |
123 |     for <item> in vec.iter().take(MAX_LEN) {
    |         ^^^^^^    ^^^^^^^^^^^^^^^^^^^^^^^^

error: the loop variable `i` is only used to index `vec`.
   --> $DIR/for_loop.rs:127:14
    |
127 |     for i in 0..=MAX_LEN {
    |              ^^^^^^^^^^^
help: consider using an iterator
    |
127 |     for <item> in vec.iter().take(MAX_LEN + 1) {
    |         ^^^^^^    ^^^^^^^^^^^^^^^^^^^^^^^^^^^^

error: the loop variable `i` is only used to index `vec`.
   --> $DIR/for_loop.rs:131:14
    |
131 |     for i in 5..10 {
    |              ^^^^^
help: consider using an iterator
    |
131 |     for <item> in vec.iter().take(10).skip(5) {
    |         ^^^^^^    ^^^^^^^^^^^^^^^^^^^^^^^^^^^

error: the loop variable `i` is only used to index `vec`.
   --> $DIR/for_loop.rs:135:14
    |
135 |     for i in 5..=10 {
    |              ^^^^^^
help: consider using an iterator
    |
135 |     for <item> in vec.iter().take(10 + 1).skip(5) {
    |         ^^^^^^    ^^^^^^^^^^^^^^^^^^^^^^^^^^^^^^^

error: the loop variable `i` is used to index `vec`
   --> $DIR/for_loop.rs:139:14
    |
139 |     for i in 5..vec.len() {
    |              ^^^^^^^^^^^^
help: consider using an iterator
    |
139 |     for (i, <item>) in vec.iter().enumerate().skip(5) {
    |         ^^^^^^^^^^^    ^^^^^^^^^^^^^^^^^^^^^^^^^^^^^^

error: the loop variable `i` is used to index `vec`
   --> $DIR/for_loop.rs:143:14
    |
143 |     for i in 5..10 {
    |              ^^^^^
help: consider using an iterator
    |
143 |     for (i, <item>) in vec.iter().enumerate().take(10).skip(5) {
    |         ^^^^^^^^^^^    ^^^^^^^^^^^^^^^^^^^^^^^^^^^^^^^^^^^^^^^

error: this range is empty so this for loop will never run
   --> $DIR/for_loop.rs:147:14
    |
147 |     for i in 10..0 {
    |              ^^^^^
    |
    = note: `-D reverse-range-loop` implied by `-D warnings`
help: consider using the following if you are attempting to iterate over this range in reverse
    |
147 |     for i in (0..10).rev() {
    |              ^^^^^^^^^^^^^

error: this range is empty so this for loop will never run
   --> $DIR/for_loop.rs:151:14
    |
151 |     for i in 10..=0 {
    |              ^^^^^^
help: consider using the following if you are attempting to iterate over this range in reverse
    |
151 |     for i in (0...10).rev() {
    |              ^^^^^^^^^^^^^^

error: this range is empty so this for loop will never run
   --> $DIR/for_loop.rs:155:14
    |
155 |     for i in MAX_LEN..0 {
    |              ^^^^^^^^^^
help: consider using the following if you are attempting to iterate over this range in reverse
    |
155 |     for i in (0..MAX_LEN).rev() {
    |              ^^^^^^^^^^^^^^^^^^

error: this range is empty so this for loop will never run
   --> $DIR/for_loop.rs:159:14
    |
159 |     for i in 5..5 {
    |              ^^^^

error: this range is empty so this for loop will never run
   --> $DIR/for_loop.rs:184:14
    |
184 |     for i in 10..5 + 4 {
    |              ^^^^^^^^^
help: consider using the following if you are attempting to iterate over this range in reverse
    |
184 |     for i in (5 + 4..10).rev() {
    |              ^^^^^^^^^^^^^^^^^

error: this range is empty so this for loop will never run
   --> $DIR/for_loop.rs:188:14
    |
188 |     for i in (5 + 2)..(3 - 1) {
    |              ^^^^^^^^^^^^^^^^
help: consider using the following if you are attempting to iterate over this range in reverse
    |
188 |     for i in ((3 - 1)..(5 + 2)).rev() {
    |              ^^^^^^^^^^^^^^^^^^^^^^^^

error: this range is empty so this for loop will never run
   --> $DIR/for_loop.rs:192:14
    |
192 |     for i in (5 + 2)..(8 - 1) {
    |              ^^^^^^^^^^^^^^^^

error: it is more idiomatic to loop over references to containers instead of using explicit iteration methods
   --> $DIR/for_loop.rs:214:15
    |
214 |     for _v in vec.iter() {}
    |               ^^^^^^^^^^ help: to write this more concisely, try: `&vec`
    |
    = note: `-D explicit-iter-loop` implied by `-D warnings`

error: it is more idiomatic to loop over references to containers instead of using explicit iteration methods
   --> $DIR/for_loop.rs:216:15
    |
216 |     for _v in vec.iter_mut() {}
    |               ^^^^^^^^^^^^^^ help: to write this more concisely, try: `&mut vec`

error: it is more idiomatic to loop over containers instead of using explicit iteration methods`
   --> $DIR/for_loop.rs:219:15
    |
219 |     for _v in out_vec.into_iter() {}
    |               ^^^^^^^^^^^^^^^^^^^ help: to write this more concisely, try: `out_vec`
    |
    = note: `-D explicit-into-iter-loop` implied by `-D warnings`

error: it is more idiomatic to loop over references to containers instead of using explicit iteration methods
   --> $DIR/for_loop.rs:222:15
    |
222 |     for _v in array.into_iter() {}
    |               ^^^^^^^^^^^^^^^^^ help: to write this more concisely, try: `&array`

error: it is more idiomatic to loop over references to containers instead of using explicit iteration methods
   --> $DIR/for_loop.rs:227:15
    |
227 |     for _v in [1, 2, 3].iter() {}
    |               ^^^^^^^^^^^^^^^^ help: to write this more concisely, try: `&[1, 2, 3]`

error: it is more idiomatic to loop over references to containers instead of using explicit iteration methods
   --> $DIR/for_loop.rs:231:15
    |
231 |     for _v in [0; 32].iter() {}
    |               ^^^^^^^^^^^^^^ help: to write this more concisely, try: `&[0; 32]`

error: it is more idiomatic to loop over references to containers instead of using explicit iteration methods
   --> $DIR/for_loop.rs:236:15
    |
236 |     for _v in ll.iter() {}
    |               ^^^^^^^^^ help: to write this more concisely, try: `&ll`

error: it is more idiomatic to loop over references to containers instead of using explicit iteration methods
   --> $DIR/for_loop.rs:239:15
    |
239 |     for _v in vd.iter() {}
    |               ^^^^^^^^^ help: to write this more concisely, try: `&vd`

error: it is more idiomatic to loop over references to containers instead of using explicit iteration methods
   --> $DIR/for_loop.rs:242:15
    |
242 |     for _v in bh.iter() {}
    |               ^^^^^^^^^ help: to write this more concisely, try: `&bh`

error: it is more idiomatic to loop over references to containers instead of using explicit iteration methods
   --> $DIR/for_loop.rs:245:15
    |
245 |     for _v in hm.iter() {}
    |               ^^^^^^^^^ help: to write this more concisely, try: `&hm`

error: it is more idiomatic to loop over references to containers instead of using explicit iteration methods
   --> $DIR/for_loop.rs:248:15
    |
248 |     for _v in bt.iter() {}
    |               ^^^^^^^^^ help: to write this more concisely, try: `&bt`

error: it is more idiomatic to loop over references to containers instead of using explicit iteration methods
   --> $DIR/for_loop.rs:251:15
    |
251 |     for _v in hs.iter() {}
    |               ^^^^^^^^^ help: to write this more concisely, try: `&hs`

error: it is more idiomatic to loop over references to containers instead of using explicit iteration methods
   --> $DIR/for_loop.rs:254:15
    |
254 |     for _v in bs.iter() {}
    |               ^^^^^^^^^ help: to write this more concisely, try: `&bs`

error: you are iterating over `Iterator::next()` which is an Option; this will compile but is probably not what you want
   --> $DIR/for_loop.rs:256:15
    |
256 |     for _v in vec.iter().next() {}
    |               ^^^^^^^^^^^^^^^^^

error: the variable `_index` is used as a loop counter. Consider using `for (_index, item) in &vec.enumerate()` or similar iterators
   --> $DIR/for_loop.rs:264:15
    |
264 |     for _v in &vec {
    |               ^^^^
    |
    = note: `-D explicit-counter-loop` implied by `-D warnings`

error: the variable `_index` is used as a loop counter. Consider using `for (_index, item) in &vec.enumerate()` or similar iterators
   --> $DIR/for_loop.rs:270:15
    |
270 |     for _v in &vec {
    |               ^^^^

error: you seem to want to iterate on a map's values
   --> $DIR/for_loop.rs:380:19
    |
380 |     for (_, v) in &m {
    |                   ^^
    |
    = note: `-D for-kv-map` implied by `-D warnings`
help: use the corresponding method
    |
380 |     for v in m.values() {
    |         ^    ^^^^^^^^^^

error: you seem to want to iterate on a map's values
   --> $DIR/for_loop.rs:385:19
    |
385 |     for (_, v) in &*m {
    |                   ^^^
help: use the corresponding method
    |
385 |     for v in (*m).values() {
    |         ^    ^^^^^^^^^^^^^

error: you seem to want to iterate on a map's values
   --> $DIR/for_loop.rs:393:19
    |
393 |     for (_, v) in &mut m {
    |                   ^^^^^^
help: use the corresponding method
    |
393 |     for v in m.values_mut() {
    |         ^    ^^^^^^^^^^^^^^

error: you seem to want to iterate on a map's values
   --> $DIR/for_loop.rs:398:19
    |
398 |     for (_, v) in &mut *m {
    |                   ^^^^^^^
help: use the corresponding method
    |
398 |     for v in (*m).values_mut() {
    |         ^    ^^^^^^^^^^^^^^^^^

error: you seem to want to iterate on a map's keys
   --> $DIR/for_loop.rs:404:24
    |
404 |     for (k, _value) in rm {
    |                        ^^
help: use the corresponding method
    |
404 |     for k in rm.keys() {
    |         ^    ^^^^^^^^^

error: it looks like you're manually copying between slices
   --> $DIR/for_loop.rs:457:14
    |
457 |     for i in 0..src.len() {
    |              ^^^^^^^^^^^^ help: try replacing the loop by: `dst[..src.len()].clone_from_slice(&src[..])`
    |
    = note: `-D manual-memcpy` implied by `-D warnings`

error: it looks like you're manually copying between slices
   --> $DIR/for_loop.rs:462:14
    |
462 |     for i in 0..src.len() {
    |              ^^^^^^^^^^^^ help: try replacing the loop by: `dst[10..(src.len() + 10)].clone_from_slice(&src[..])`

error: it looks like you're manually copying between slices
   --> $DIR/for_loop.rs:467:14
    |
467 |     for i in 0..src.len() {
    |              ^^^^^^^^^^^^ help: try replacing the loop by: `dst[..src.len()].clone_from_slice(&src[10..])`

error: it looks like you're manually copying between slices
   --> $DIR/for_loop.rs:472:14
    |
472 |     for i in 11..src.len() {
    |              ^^^^^^^^^^^^^ help: try replacing the loop by: `dst[11..src.len()].clone_from_slice(&src[(11 - 10)..(src.len() - 10)])`

error: it looks like you're manually copying between slices
   --> $DIR/for_loop.rs:477:14
    |
477 |     for i in 0..dst.len() {
    |              ^^^^^^^^^^^^ help: try replacing the loop by: `dst.clone_from_slice(&src[..dst.len()])`

error: it looks like you're manually copying between slices
   --> $DIR/for_loop.rs:490:14
    |
490 |     for i in 10..256 {
    |              ^^^^^^^
help: try replacing the loop by
    |
490 |     for i in dst[10..256].clone_from_slice(&src[(10 - 5)..(256 - 5)])
491 |     dst2[(10 + 500)..(256 + 500)].clone_from_slice(&src[10..256]) {
    |

error: it looks like you're manually copying between slices
   --> $DIR/for_loop.rs:502:14
    |
502 |     for i in 10..LOOP_OFFSET {
    |              ^^^^^^^^^^^^^^^ help: try replacing the loop by: `dst[(10 + LOOP_OFFSET)..(LOOP_OFFSET + LOOP_OFFSET)].clone_from_slice(&src[(10 - some_var)..(LOOP_OFFSET - some_var)])`

error: it looks like you're manually copying between slices
   --> $DIR/for_loop.rs:515:14
    |
515 |     for i in 0..src_vec.len() {
    |              ^^^^^^^^^^^^^^^^ help: try replacing the loop by: `dst_vec[..src_vec.len()].clone_from_slice(&src_vec[..])`

error: it looks like you're manually copying between slices
   --> $DIR/for_loop.rs:542:14
    |
542 |     for i in 0..src.len() {
    |              ^^^^^^^^^^^^ help: try replacing the loop by: `dst[..src.len()].clone_from_slice(&src[..])`

error: aborting due to 58 previous errors

